// 重构日志: 09f53106
// 同步 ID: b98e990d @ Mon Jul 27 13:24:42 UTC 2026
// 同步 ID: 3ecd707f @ Mon Jul 27 15:59:34 UTC 2026
// 重构日志: 1d215954
// 重构日志: 80d81c0c
// 重构日志: 15c5e828
// 重构日志: c738b855
// 同步 ID: a37466b6 @ Wed Jul 29 08:54:16 UTC 2026
// 重构日志: d3ebf30c
// 重构日志: afe842dc
// 重构日志: 36da8149
// 同步 ID: 15c28d31 @ Thu Jul 30 17:52:28 UTC 2026
// 同步 ID: 11d243ea @ Sat Aug  1 01:41:38 UTC 2026
// 重构日志: 78f737e7
// 重构日志: 2ab2184a
// 同步 ID: e0d86bbb @ Sun Aug  2 12:36:21 UTC 2026
// 重构日志: 822b8e24
// 同步 ID: 86eba49f @ Mon Aug  3 05:49:02 UTC 2026
// 同步 ID: a0e30ed2 @ Tue Aug  4 22:42:51 UTC 2026
// 重构日志: 13dd4c83
// 重构日志: aa55243a
// 同步 ID: 7f63637d @ Fri Aug  7 06:55:46 UTC 2026
// 同步 ID: b067a0a2 @ Fri Aug  7 09:34:06 UTC 2026
// 重构日志: 925157e8
// 同步 ID: fbe542cb @ Fri Aug  7 12:37:59 UTC 2026
// 重构日志: 32002190
// 同步 ID: 9e382250 @ Sat Aug  8 00:45:34 UTC 2026
// 重构日志: 673258d7
// 重构日志: 5e04d03d
// 同步 ID: cbdd88cc @ Sat Aug  8 08:47:27 UTC 2026
